---
source: src/lexer.rs
input_file: src/test_data/lexer/basic_tokens.txt
---
Ok(LexedFile(
  file_name: "basic_tokens.txt",
  token_spans: [
    (SquareBracketLeft, SimpleSpan(
      start: 0,
      end: 1,
      context: (),
    )),
    (SquareBracketRight, SimpleSpan(
      start: 1,
      end: 2,
      context: (),
    )),
    (CurlyBracketLeft, SimpleSpan(
      start: 3,
      end: 4,
      context: (),
    )),
    (CurlyBracketRight, SimpleSpan(
      start: 5,
      end: 6,
      context: (),
    )),
    (ParenthesisLeft, SimpleSpan(
      start: 7,
      end: 8,
      context: (),
    )),
    (ParenthesisRight, SimpleSpan(
      start: 8,
      end: 9,
      context: (),
    )),
    (Minus, SimpleSpan(
      start: 10,
      end: 11,
      context: (),
    )),
    (ExclamationMark, SimpleSpan(
      start: 11,
      end: 12,
      context: (),
    )),
    (Caret, SimpleSpan(
      start: 13,
      end: 14,
      context: (),
    )),
    (Ampersand, SimpleSpan(
      start: 14,
      end: 15,
      context: (),
    )),
    (EqualSign, SimpleSpan(
      start: 15,
      end: 16,
      context: (),
    )),
    (Comma, SimpleSpan(
      start: 17,
      end: 18,
      context: (),
    )),
    (Semicolon, SimpleSpan(
      start: 19,
      end: 20,
      context: (),
    )),
    (Colon, SimpleSpan(
      start: 21,
      end: 22,
      context: (),
    )),
    (QuestionMark, SimpleSpan(
      start: 23,
      end: 24,
      context: (),
    )),
    (Tilde, SimpleSpan(
      start: 24,
      end: 25,
      context: (),
    )),
    (ExclamationMark, SimpleSpan(
      start: 25,
      end: 26,
      context: (),
    )),
    (PlusSign, SimpleSpan(
      start: 28,
      end: 29,
      context: (),
    )),
    (Minus, SimpleSpan(
      start: 29,
      end: 30,
      context: (),
    )),
    (Asterisk, SimpleSpan(
      start: 31,
      end: 32,
      context: (),
    )),
    (AtSign, SimpleSpan(
      start: 32,
      end: 33,
      context: (),
    )),
    (VerticalBar, SimpleSpan(
      start: 33,
      end: 34,
      context: (),
    )),
    (ForwardSlash, SimpleSpan(
      start: 35,
      end: 36,
      context: (),
    )),
  ],
))
