---
source: src/lexer.rs
input_file: src/test_data/lexer/basic_tokens.txt
---
[
    "SquareBracketLeft",
    "SquareBracketRight",
    "CurlyBracketLeft",
    "CurlyBracketRight",
    "ParenthesisLeft",
    "ParenthesisRight",
    "ExclamationMark",
    "Ampersand",
    "EqualSign",
    "Comma",
    "Semicolon",
    "Colon",
    "QuestionMark",
    "ExclamationMark",
    "Asterisk",
    "AtSign",
    "VerticalBar",
    "ForwardSlash",
    "QuotationMark",
    "Octothorpe",
    "PercentSign",
    "Period",
    "Semicolon",
    "LessThanSign",
    "EqualSign",
    "GreaterThanSign",
    "Underscore",
    "VerticalBar",
]
