---
source: src/lexer.rs
input_file: src/test_data/lexer/integer_literals.txt
---
[
    "Identifier(\"base2_begin_should_be_0\")",
    "IntegerLiteral(I64(0))",
    "IntegerLiteral(I64(0))",
    "IntegerLiteral(I64(0))",
    "IntegerLiteral(I64(0))",
    "IntegerLiteral(I64(0))",
    "IntegerLiteral(I64(0))",
    "Identifier(\"base2_end_should_be_0\")",
    "Identifier(\"base2_begin_should_be_1\")",
    "IntegerLiteral(I64(1))",
    "IntegerLiteral(I64(1))",
    "IntegerLiteral(I64(1))",
    "IntegerLiteral(I64(1))",
    "IntegerLiteral(I64(1))",
    "IntegerLiteral(I64(1))",
    "IntegerLiteral(I64(1))",
    "Identifier(\"base2_end_should_be_1\")",
    "Identifier(\"base2_begin_should_be_2\")",
    "IntegerLiteral(I64(2))",
    "IntegerLiteral(I64(2))",
    "IntegerLiteral(I64(2))",
    "IntegerLiteral(I64(2))",
    "IntegerLiteral(I64(2))",
    "IntegerLiteral(I64(2))",
    "Identifier(\"base2_end_should_be_2\")",
    "Identifier(\"base2_should_be_pow2_62\")",
    "IntegerLiteral(I64(4611686018427387904))",
    "Identifier(\"base2_should_be_pow2_63_minus_1_AKA_i64_MAX\")",
    "IntegerLiteral(I64(9223372036854775807))",
    "Identifier(\"base2_should_be_pow2_63\")",
    "IntegerLiteral(BigInt(9223372036854775808))",
    "Identifier(\"base2_should_be_pow2_64_minus_1\")",
    "IntegerLiteral(BigInt(18446744073709551615))",
    "Identifier(\"base2_should_be_pow2_64\")",
    "IntegerLiteral(BigInt(18446744073709551616))",
    "Identifier(\"base10_begin_should_be_0\")",
    "IntegerLiteral(I64(0))",
    "IntegerLiteral(I64(0))",
    "IntegerLiteral(I64(0))",
    "IntegerLiteral(I64(0))",
    "IntegerLiteral(I64(0))",
    "Identifier(\"base10_end_should_be_0\")",
    "Identifier(\"base10_begin_should_be_1\")",
    "IntegerLiteral(I64(1))",
    "IntegerLiteral(I64(1))",
    "IntegerLiteral(I64(1))",
    "IntegerLiteral(I64(1))",
    "IntegerLiteral(I64(1))",
    "IntegerLiteral(I64(1))",
    "IntegerLiteral(I64(1))",
    "IntegerLiteral(I64(1))",
    "IntegerLiteral(I64(1))",
    "Identifier(\"base10_end_should_be_1\")",
    "Identifier(\"base10_begin_should_be_10\")",
    "IntegerLiteral(I64(10))",
    "IntegerLiteral(I64(10))",
    "IntegerLiteral(I64(10))",
    "IntegerLiteral(I64(10))",
    "IntegerLiteral(I64(10))",
    "IntegerLiteral(I64(10))",
    "Identifier(\"base10_end_should_be_10\")",
    "Identifier(\"base10_should_be_pow2_62_eq_4611686018427387904\")",
    "IntegerLiteral(I64(4611686018427387904))",
    "Identifier(\"base10_should_be_pow2_63_minus_1_AKA_i64_MAX\")",
    "IntegerLiteral(I64(9223372036854775807))",
    "Identifier(\"base10_should_be_pow2_63\")",
    "IntegerLiteral(BigInt(9223372036854775808))",
    "Identifier(\"base10_should_be_pow2_64_minus_1\")",
    "IntegerLiteral(BigInt(18446744073709551615))",
    "Identifier(\"base10_should_be_pow2_64\")",
    "IntegerLiteral(BigInt(18446744073709551616))",
    "Identifier(\"base10_should_be_pow2_127_minus_1_AKA_i128_MAX\")",
    "IntegerLiteral(BigInt(170141183460469231731687303715884105727))",
    "Identifier(\"base10_should_be_pow2_127\")",
    "IntegerLiteral(BigInt(170141183460469231731687303715884105728))",
]
