---
source: src/lexer.rs
input_file: src/test_data/lexer/integer_literals.txt
---
[
    "Identifier(\"base2_begin_should_be_0\")",
    "IntegerLiteral(I64(0))",
    "IntegerLiteral(I64(0))",
    "IntegerLiteral(I64(0))",
    "IntegerLiteral(I64(0))",
    "IntegerLiteral(I64(0))",
    "IntegerLiteral(I64(0))",
    "Identifier(\"base2_end_should_be_0\")",
    "Identifier(\"base2_begin_should_be_1\")",
    "IntegerLiteral(I64(1))",
    "IntegerLiteral(I64(1))",
    "IntegerLiteral(I64(1))",
    "IntegerLiteral(I64(1))",
    "IntegerLiteral(I64(1))",
    "IntegerLiteral(I64(1))",
    "IntegerLiteral(I64(1))",
    "Identifier(\"base2_end_should_be_1\")",
    "Identifier(\"base2_begin_should_be_2\")",
    "IntegerLiteral(I64(2))",
    "IntegerLiteral(I64(2))",
    "IntegerLiteral(I64(2))",
    "IntegerLiteral(I64(2))",
    "IntegerLiteral(I64(2))",
    "IntegerLiteral(I64(2))",
    "Identifier(\"base2_end_should_be_2\")",
    "Identifier(\"base2_should_be_pow2_62\")",
    "IntegerLiteral(I64(4611686018427387904))",
    "Identifier(\"base2_should_be_pow2_63_minus_1_AKA_i64_MAX\")",
    "IntegerLiteral(I64(9223372036854775807))",
    "Identifier(\"base2_should_be_pow2_63\")",
    "IntegerLiteral(BigInt(9223372036854775808))",
    "Identifier(\"base2_should_be_pow2_64_minus_1\")",
    "IntegerLiteral(BigInt(18446744073709551615))",
    "Identifier(\"base2_should_be_pow2_64\")",
    "IntegerLiteral(BigInt(18446744073709551616))",
    "Identifier(\"base10_begin_should_be_0\")",
    "IntegerLiteral(I64(0))",
    "IntegerLiteral(I64(0))",
    "IntegerLiteral(I64(0))",
    "IntegerLiteral(I64(0))",
    "IntegerLiteral(I64(0))",
    "IntegerLiteral(I64(0))",
    "Identifier(\"base10_end_should_be_0\")",
    "Identifier(\"base10_begin_should_be_1\")",
    "IntegerLiteral(I64(1))",
    "IntegerLiteral(I64(1))",
    "IntegerLiteral(I64(1))",
    "IntegerLiteral(I64(1))",
    "IntegerLiteral(I64(1))",
    "IntegerLiteral(I64(1))",
    "IntegerLiteral(I64(1))",
    "IntegerLiteral(I64(1))",
    "IntegerLiteral(I64(1))",
    "IntegerLiteral(I64(1))",
    "Identifier(\"base10_end_should_be_1\")",
    "Identifier(\"base10_begin_should_be_10\")",
    "IntegerLiteral(I64(10))",
    "IntegerLiteral(I64(10))",
    "IntegerLiteral(I64(10))",
    "IntegerLiteral(I64(10))",
    "IntegerLiteral(I64(10))",
    "IntegerLiteral(I64(10))",
    "Identifier(\"base10_end_should_be_10\")",
    "Identifier(\"base10_should_be_pow2_62_eq_4611686018427387904\")",
    "IntegerLiteral(I64(4611686018427387904))",
    "IntegerLiteral(I64(4611686018427387904))",
    "Identifier(\"base10_should_be_pow2_63_minus_1_AKA_i64_MAX_eq_9223372036854775807\")",
    "IntegerLiteral(I64(9223372036854775807))",
    "Identifier(\"base10_should_be_pow2_63_eq_9223372036854775808\")",
    "IntegerLiteral(BigInt(9223372036854775808))",
    "Identifier(\"base10_should_be_pow2_64_minus_1_eq_18446744073709551615\")",
    "IntegerLiteral(BigInt(18446744073709551615))",
    "Identifier(\"base10_should_be_pow2_64_eq_18446744073709551616\")",
    "IntegerLiteral(BigInt(18446744073709551616))",
    "Identifier(\"base10_should_be_pow2_127_minus_1_AKA_i128_MAX_eq_170141183460469231731687303715884105727\")",
    "IntegerLiteral(BigInt(170141183460469231731687303715884105727))",
    "Identifier(\"base10_should_be_pow2_127_eq_170141183460469231731687303715884105728\")",
    "IntegerLiteral(BigInt(170141183460469231731687303715884105728))",
    "IntegerLiteral(BigInt(170141183460469231731687303715884105728))",
    "Identifier(\"base10_should_be_neg_1\")",
    "IntegerLiteral(I64(-1))",
    "Identifier(\"base10_should_be_neg_2\")",
    "IntegerLiteral(I64(-2))",
    "Identifier(\"base10_should_be_neg_pow2_64_AKA_i64_MIN\")",
    "IntegerLiteral(BigInt(-18446744073709551616))",
    "Identifier(\"base10_should_be_neg_pow2_64_minus_1\")",
    "IntegerLiteral(BigInt(-18446744073709551617))",
    "Identifier(\"base10_should_be_neg_pow2_127_AKA_i128_MIN\")",
    "IntegerLiteral(BigInt(-170141183460469231731687303715884105728))",
    "Identifier(\"base16_begin_should_be_0\")",
    "IntegerLiteral(I64(0))",
    "IntegerLiteral(I64(0))",
    "IntegerLiteral(I64(0))",
    "IntegerLiteral(I64(0))",
    "IntegerLiteral(I64(0))",
    "IntegerLiteral(I64(0))",
    "Identifier(\"base16_end_should_be_0\")",
    "Identifier(\"base16_begin_should_be_1\")",
    "IntegerLiteral(I64(1))",
    "IntegerLiteral(I64(1))",
    "IntegerLiteral(I64(1))",
    "IntegerLiteral(I64(1))",
    "IntegerLiteral(I64(1))",
    "IntegerLiteral(I64(1))",
    "IntegerLiteral(I64(1))",
    "Identifier(\"base16_end_should_be_1\")",
    "Identifier(\"base16_begin_should_be_2\")",
    "IntegerLiteral(I64(2))",
    "IntegerLiteral(I64(2))",
    "Identifier(\"base16_begin_should_be_3\")",
    "IntegerLiteral(I64(3))",
    "Identifier(\"base16_begin_should_be_4\")",
    "IntegerLiteral(I64(4))",
    "Identifier(\"base16_begin_should_be_5\")",
    "IntegerLiteral(I64(5))",
    "Identifier(\"base16_begin_should_be_6\")",
    "IntegerLiteral(I64(6))",
    "Identifier(\"base16_begin_should_be_7\")",
    "IntegerLiteral(I64(7))",
    "Identifier(\"base16_begin_should_be_8\")",
    "IntegerLiteral(I64(8))",
    "Identifier(\"base16_begin_should_be_9\")",
    "IntegerLiteral(I64(9))",
    "Identifier(\"base16_begin_should_be_10\")",
    "IntegerLiteral(I64(10))",
    "IntegerLiteral(I64(10))",
    "Identifier(\"base16_begin_should_be_11\")",
    "IntegerLiteral(I64(11))",
    "IntegerLiteral(I64(11))",
    "Identifier(\"base16_begin_should_be_12\")",
    "IntegerLiteral(I64(12))",
    "IntegerLiteral(I64(12))",
    "Identifier(\"base16_begin_should_be_13\")",
    "IntegerLiteral(I64(13))",
    "IntegerLiteral(I64(13))",
    "Identifier(\"base16_begin_should_be_14\")",
    "IntegerLiteral(I64(14))",
    "IntegerLiteral(I64(14))",
    "Identifier(\"base16_begin_should_be_15\")",
    "IntegerLiteral(I64(15))",
    "IntegerLiteral(I64(15))",
    "Identifier(\"base16_begin_should_be_16\")",
    "IntegerLiteral(I64(16))",
    "IntegerLiteral(I64(16))",
    "IntegerLiteral(I64(16))",
    "IntegerLiteral(I64(16))",
    "IntegerLiteral(I64(16))",
    "IntegerLiteral(I64(16))",
    "IntegerLiteral(I64(16))",
    "Identifier(\"base16_end_should_be_16\")",
    "Identifier(\"base16_should_be_pow2_62_eq_4611686018427387904\")",
    "IntegerLiteral(I64(4611686018427387904))",
    "Identifier(\"base16_should_be_pow2_63_minus_1_AKA_i64_MAX\")",
    "IntegerLiteral(I64(9223372036854775807))",
    "Identifier(\"base16_should_be_pow2_63_eq_9223372036854775808\")",
    "IntegerLiteral(BigInt(9223372036854775808))",
    "Identifier(\"base16_should_be_pow2_64_minus_1_eq_18446744073709551615\")",
    "IntegerLiteral(BigInt(18446744073709551615))",
    "Identifier(\"base16_should_be_pow2_64_eq_18446744073709551616\")",
    "IntegerLiteral(BigInt(18446744073709551616))",
]
