---
source: src/lexer.rs
input_file: src/test_data/lexer/integer_literals.txt
---
[
  Token(TokenInfo(
    linechar_range: RangeInclusive(
      start: LineCharNums((1, 1)),
      end: LineCharNums((1, 1)),
    ),
    token: LiteralInteger(I128(0)),
  )),
  Token(TokenInfo(
    linechar_range: RangeInclusive(
      start: LineCharNums((2, 1)),
      end: LineCharNums((2, 1)),
    ),
    token: LiteralInteger(I128(1)),
  )),
  Token(TokenInfo(
    linechar_range: RangeInclusive(
      start: LineCharNums((3, 1)),
      end: LineCharNums((3, 2)),
    ),
    token: LiteralInteger(I128(69)),
  )),
  Token(TokenInfo(
    linechar_range: RangeInclusive(
      start: LineCharNums((4, 1)),
      end: LineCharNums((4, 3)),
    ),
    token: LiteralInteger(I128(420)),
  )),
  Token(TokenInfo(
    linechar_range: RangeInclusive(
      start: LineCharNums((5, 2)),
      end: LineCharNums((5, 40)),
    ),
    token: LiteralInteger(I128(170141183460469231731687303715884105727)),
  )),
  Token(TokenInfo(
    linechar_range: RangeInclusive(
      start: LineCharNums((6, 1)),
      end: LineCharNums((6, 1)),
    ),
    token: PunctuationSingleChar('-'),
  )),
  Token(TokenInfo(
    linechar_range: RangeInclusive(
      start: LineCharNums((6, 2)),
      end: LineCharNums((6, 37)),
    ),
    token: LiteralInteger(I128(141183460469231731687303715884105728)),
  )),
  Eod(
    file_size: 96,
    last_line: LineNum(6),
  ),
]
