---
source: src/tokenizer.rs
input_file: src/test_data/tokenizer/comments.txt
---
[
  Token(TokenInfo(
    linechar_range: RangeInclusive(
      start: LineCharNums((1, 1)),
      end: LineCharNums((1, 1)),
    ),
    token: LiteralInteger(I128(1)),
  )),
  Token(TokenInfo(
    linechar_range: RangeInclusive(
      start: LineCharNums((2, 1)),
      end: LineCharNums((2, 1)),
    ),
    token: LiteralInteger(I128(2)),
  )),
  Token(TokenInfo(
    linechar_range: RangeInclusive(
      start: LineCharNums((4, 1)),
      end: LineCharNums((4, 1)),
    ),
    token: LiteralInteger(I128(3)),
  )),
  Token(TokenInfo(
    linechar_range: RangeInclusive(
      start: LineCharNums((4, 23)),
      end: LineCharNums((4, 23)),
    ),
    token: LiteralInteger(I128(4)),
  )),
  Token(TokenInfo(
    linechar_range: RangeInclusive(
      start: LineCharNums((6, 1)),
      end: LineCharNums((6, 1)),
    ),
    token: LiteralInteger(I128(5)),
  )),
  Token(TokenInfo(
    linechar_range: RangeInclusive(
      start: LineCharNums((8, 4)),
      end: LineCharNums((8, 4)),
    ),
    token: LiteralInteger(I128(6)),
  )),
  Token(TokenInfo(
    linechar_range: RangeInclusive(
      start: LineCharNums((10, 1)),
      end: LineCharNums((10, 1)),
    ),
    token: LiteralInteger(I128(7)),
  )),
  Token(TokenInfo(
    linechar_range: RangeInclusive(
      start: LineCharNums((12, 7)),
      end: LineCharNums((12, 7)),
    ),
    token: LiteralInteger(I128(8)),
  )),
  Token(TokenInfo(
    linechar_range: RangeInclusive(
      start: LineCharNums((15, 1)),
      end: LineCharNums((15, 1)),
    ),
    token: LiteralInteger(I128(9)),
  )),
  Token(TokenInfo(
    linechar_range: RangeInclusive(
      start: LineCharNums((16, 1)),
      end: LineCharNums((16, 2)),
    ),
    token: LiteralInteger(I128(10)),
  )),
  Token(TokenInfo(
    linechar_range: RangeInclusive(
      start: LineCharNums((19, 1)),
      end: LineCharNums((19, 1)),
    ),
    token: PunctuationSingleChar('/'),
  )),
  Token(TokenInfo(
    linechar_range: RangeInclusive(
      start: LineCharNums((19, 3)),
      end: LineCharNums((19, 3)),
    ),
    token: PunctuationSingleChar('*'),
  )),
  Eod(
    file_size: 234,
    last_line: LineNum(19),
  ),
]
