---
source: src/tokenizer.rs
input_file: src/test_data/tokenizer/basic_tokens.txt
---
[
  Token(TokenInfo(
    linechar_range: RangeInclusive(
      start: LineCharNums((1, 1)),
      end: LineCharNums((1, 1)),
    ),
    token: PunctuationSingleChar('['),
  )),
  Token(TokenInfo(
    linechar_range: RangeInclusive(
      start: LineCharNums((1, 2)),
      end: LineCharNums((1, 2)),
    ),
    token: PunctuationSingleChar(']'),
  )),
  Token(TokenInfo(
    linechar_range: RangeInclusive(
      start: LineCharNums((1, 4)),
      end: LineCharNums((1, 4)),
    ),
    token: PunctuationSingleChar('{'),
  )),
  Token(TokenInfo(
    linechar_range: RangeInclusive(
      start: LineCharNums((1, 6)),
      end: LineCharNums((1, 6)),
    ),
    token: PunctuationSingleChar('}'),
  )),
  Token(TokenInfo(
    linechar_range: RangeInclusive(
      start: LineCharNums((2, 1)),
      end: LineCharNums((2, 1)),
    ),
    token: PunctuationSingleChar('('),
  )),
  Token(TokenInfo(
    linechar_range: RangeInclusive(
      start: LineCharNums((2, 2)),
      end: LineCharNums((2, 2)),
    ),
    token: PunctuationSingleChar(')'),
  )),
  Token(TokenInfo(
    linechar_range: RangeInclusive(
      start: LineCharNums((3, 1)),
      end: LineCharNums((3, 1)),
    ),
    token: PunctuationSingleChar('-'),
  )),
  Token(TokenInfo(
    linechar_range: RangeInclusive(
      start: LineCharNums((3, 2)),
      end: LineCharNums((3, 2)),
    ),
    token: PunctuationSingleChar('!'),
  )),
  Token(TokenInfo(
    linechar_range: RangeInclusive(
      start: LineCharNums((4, 1)),
      end: LineCharNums((4, 1)),
    ),
    token: PunctuationSingleChar('^'),
  )),
  Token(TokenInfo(
    linechar_range: RangeInclusive(
      start: LineCharNums((4, 2)),
      end: LineCharNums((4, 2)),
    ),
    token: PunctuationSingleChar('&'),
  )),
  Token(TokenInfo(
    linechar_range: RangeInclusive(
      start: LineCharNums((4, 3)),
      end: LineCharNums((4, 3)),
    ),
    token: PunctuationSingleChar('*'),
  )),
  Token(TokenInfo(
    linechar_range: RangeInclusive(
      start: LineCharNums((5, 1)),
      end: LineCharNums((5, 1)),
    ),
    token: PunctuationSingleChar(','),
  )),
  Token(TokenInfo(
    linechar_range: RangeInclusive(
      start: LineCharNums((5, 3)),
      end: LineCharNums((5, 3)),
    ),
    token: PunctuationSingleChar(';'),
  )),
  Eod(
    file_size: 26,
    last_line: LineNum(5),
  ),
]
