---
source: src/source_chars.rs
input_file: src/test_data/source_chars/two_lines.txt
---
[
  Char(
    ch: 'a',
    fo: 0,
    len: 1,
    line_char: LineCharNums((1, 1)),
  ),
  Eol(
    fo: 1,
    len: 2,
    line_char: LineCharNums((1, 2)),
  ),
  Char(
    ch: 'b',
    fo: 3,
    len: 1,
    line_char: LineCharNums((2, 1)),
  ),
  Eol(
    fo: 4,
    len: 2,
    line_char: LineCharNums((2, 2)),
  ),
  Eof(
    file_size: 6,
    last_line: LineNum(2),
  ),
]
