---
source: src/source_chars.rs
input_file: src/test_data/source_chars/one_char_a.bin
---
[
  Char(
    ch: 'a',
    fo: 0,
    len: 1,
    line_char: LineCharNums((1, 1)),
  ),
  Eol(
    fo: 1,
    len: 0,
    line_char: LineCharNums((1, 2)),
  ),
  Eof(
    file_size: 1,
    last_line: LineNum(1),
  ),
]
