---
source: src/source_chars.rs
input_file: src/test_data/source_chars/mixed_line_endings.bin
---
[
  Char(
    ch: 'a',
    fo: 0,
    len: 1,
    line_char: LineCharNums((1, 1)),
  ),
  Eol(
    fo: 1,
    len: 1,
    line_char: LineCharNums((1, 2)),
  ),
  Char(
    ch: 'b',
    fo: 2,
    len: 1,
    line_char: LineCharNums((2, 1)),
  ),
  Eol(
    fo: 3,
    len: 2,
    line_char: LineCharNums((2, 2)),
  ),
  Char(
    ch: 'c',
    fo: 5,
    len: 1,
    line_char: LineCharNums((3, 1)),
  ),
  Eol(
    fo: 6,
    len: 1,
    line_char: LineCharNums((3, 2)),
  ),
  Eol(
    fo: 7,
    len: 2,
    line_char: LineCharNums((4, 1)),
  ),
  Char(
    ch: 'd',
    fo: 9,
    len: 1,
    line_char: LineCharNums((5, 1)),
  ),
  Eol(
    fo: 10,
    len: 1,
    line_char: LineCharNums((5, 2)),
  ),
  Eol(
    fo: 11,
    len: 1,
    line_char: LineCharNums((6, 1)),
  ),
  Char(
    ch: 'e',
    fo: 12,
    len: 1,
    line_char: LineCharNums((7, 1)),
  ),
  Eol(
    fo: 13,
    len: 0,
    line_char: LineCharNums((7, 2)),
  ),
  Eof(
    file_size: 13,
    last_line: LineNum(6),
  ),
]
